[2026-06-30T22:06:33Z] tier-b signoff by admin
[2026-06-30T22:07:26Z] tier-b signoff by admin
[2026-06-30T22:08:19Z] tier-b signoff by admin
[2026-06-30T22:15:01Z] stg pass by admin — stg release gate pass (11 checks)
[2026-06-30T22:16:38Z] prod fail by admin — prod release gate fail (13 checks)
[2026-07-01T02:30:59Z] prod fail by admin — prod release gate fail (13 checks)
[2026-07-01T02:35:43Z] prod pass by admin — prod release gate pass (13 checks)
[2026-07-01T02:53:35Z] prod fail by admin — prod release gate fail (13 checks)
[2026-07-01T02:54:47Z] prod pass by admin — prod release gate pass (13 checks)
[2026-07-01T02:55:02Z] prod pass by admin — prod release gate pass (13 checks)
[2026-07-01T16:31:03Z] platform-stg pass by admin — platform-stg release gate pass (3 checks)
[2026-07-01T16:31:17Z] platform-prod pass by admin — platform-prod release gate pass (4 checks)
[2026-07-08T02:57:33Z] platform-prod pass by admin — platform-prod release gate pass (4 checks)
[2026-07-08T02:57:34Z] platform-prod pass by admin — platform-prod release gate pass (4 checks)
[2026-07-20T06:10:59Z] platform-stg pass by admin — platform-stg release gate pass (3 checks)
[2026-07-20T06:15:26Z] platform-prod pass by admin — platform-prod release gate pass (4 checks)
[2026-07-20T17:24:08Z] platform-stg pass by admin — platform-stg release gate pass (3 checks)
[2026-07-20T17:28:12Z] platform-prod pass by admin — platform-prod release gate pass (4 checks)
[2026-07-20T17:35:28Z] platform-stg pass by admin — platform-stg release gate pass (3 checks)
[2026-07-20T17:42:35Z] platform-prod pass by admin — platform-prod release gate pass (4 checks)
[2026-07-20T18:44:09Z] platform-stg pass by admin — platform-stg release gate pass (3 checks)
[2026-07-20T18:56:41Z] platform-stg pass by admin — platform-stg release gate pass (3 checks)
[2026-07-20T19:02:17Z] platform-prod pass by admin — platform-prod release gate pass (4 checks)
